int main()
{
    int a;
    int b;
    a = 10;
    b = 30;
    return (((a-(-5))+b)+(-5));
}
