int main()
{
    int a;
    int b;
    a = 56;
    b = 4;
    a = ((a-(-4))+(+b));
    if ((+(-(!(!(!a))))))
    {
        a = (-(-(-1)));
    }
    else
    {
        a = (0+(+b));
    }
    putint(a);
    return 0;
}
