int main()
{
    int a;
    int b;
    a = 15;
    b = 12;
    return ((a+b)+61);
}
